// Jest Snapshot v1, https://goo.gl/fbAQLP

exports[`matches animal link snapshot 1`] = `
<div
  className="pet__column d-flex flex-column align-items-center justify-content-end my-4 col-md-6 col-12"
>
  <a
    href="/pets/playtpus"
    onClick={[Function]}
  >
    <div
      className="petType"
    >
      <img
        alt="playtpus"
        className="image__img rounded-circle"
        src="https://via.placeholder.com/150"
      />
      <div
        className="image__overlay image__overlay--primary"
      >
        <div
          className="image__title"
        >
          playtpus
        </div>
      </div>
    </div>
  </a>
  <a
    className="pet__button my-3 btn btn-primary"
    color="primary"
    disabled={false}
    href="/pets/playtpus"
    onClick={[Function]}
    onKeyDown={[Function]}
    role="button"
    tabIndex={0}
  >
    Click Here
  </a>
</div>
`;
