// Jest Snapshot v1, https://goo.gl/fbAQLP

exports[`matches donate card snapshot 1`] = `
<div
  className="card"
>
  <img
    className="card-img-top"
    src="https://via.placeholder.com/150"
  />
  <div
    className="card-body"
  >
    <div
      className="card-title h5"
    >
      Lorem Charity
    </div>
    <div
      className="mb-2 text-muted card-subtitle h6"
    >
      Location: 
      Lorem States
    </div>
    <div
      className="mb-2 text-muted card-subtitle h6"
    >
      Founded: 
      9000
    </div>
    <p
      className="card-text"
    >
      Peace of Lorem
    </p>
    <a
      className="btn btn-primary"
      href="https://via.placeholder.com/"
      onClick={[Function]}
      onKeyDown={[Function]}
      role="button"
      tabIndex={0}
      target="_blank"
    >
      Click Here
    </a>
  </div>
</div>
`;
